{
  "detectors": {
    "tcp_health": {
      "conversations_total": 1,
      "top_by_packets": [
        {
          "c2s": {
            "duplicate_ack_events": 0,
            "out_of_order": 0,
            "packets": 43,
            "retransmissions": 1,
            "rtt_ms": {
              "p50": 1.389,
              "p95": 146.175,
              "samples": 17
            },
            "zero_window_events": 0
          },
          "flow": "192.168.0.2:1550 <-> 192.168.0.1:23/TCP",
          "s2c": {
            "duplicate_ack_events": 0,
            "out_of_order": 0,
            "packets": 44,
            "retransmissions": 0,
            "rtt_ms": {
              "p50": 12.991,
              "p95": 18.712,
              "samples": 30
            },
            "zero_window_events": 0
          },
          "total_packets": 87
        }
      ],
      "top_by_severity": [
        {
          "c2s": {
            "duplicate_ack_events": 0,
            "out_of_order": 0,
            "packets": 43,
            "retransmissions": 1,
            "rtt_ms": {
              "p50": 1.389,
              "p95": 146.175,
              "samples": 17
            },
            "zero_window_events": 0
          },
          "flow": "192.168.0.2:1550 <-> 192.168.0.1:23/TCP",
          "reasons": [],
          "s2c": {
            "duplicate_ack_events": 0,
            "out_of_order": 0,
            "packets": 44,
            "retransmissions": 0,
            "rtt_ms": {
              "p50": 12.991,
              "p95": 18.712,
              "samples": 30
            },
            "zero_window_events": 0
          },
          "score": {
            "level": "BAJA",
            "value": 12
          }
        }
      ],
      "top_flows": [
        {
          "c2s": {
            "duplicate_ack_events": 0,
            "out_of_order": 0,
            "packets": 43,
            "retransmissions": 1,
            "rtt_ms": {
              "p50": 1.389,
              "p95": 146.175,
              "samples": 17
            },
            "zero_window_events": 0
          },
          "flow": "192.168.0.2:1550 <-> 192.168.0.1:23/TCP",
          "reasons": [],
          "s2c": {
            "duplicate_ack_events": 0,
            "out_of_order": 0,
            "packets": 44,
            "retransmissions": 0,
            "rtt_ms": {
              "p50": 12.991,
              "p95": 18.712,
              "samples": 30
            },
            "zero_window_events": 0
          },
          "score": {
            "level": "BAJA",
            "value": 12
          }
        }
      ]
    }
  },
  "summary": {
    "bytes_total": 9244,
    "duration_ms": 39571,
    "file": "tests/fixtures/tiny.pcap",
    "packets_total": 92,
    "schema": "v1",
    "throughput_mbps": 0.0018688433448737713
  }
}